// Jest Snapshot v1, https://goo.gl/fbAQLP

exports[`<TabPanel /> should accept className 1`] = `
<div
  aria-labelledby={undefined}
  className="foobar"
  id={undefined}
  role="tabpanel"
  style={Object {}}
/>
`;

exports[`<TabPanel /> should have sane defaults 1`] = `
<div
  aria-labelledby={undefined}
  className="react-tabs__tab-panel"
  id={undefined}
  role="tabpanel"
  style={Object {}}
/>
`;

exports[`<TabPanel /> should not allow overriding all default properties 1`] = `
<div
  aria-labelledby={undefined}
  className="react-tabs__tab-panel"
  id={undefined}
  role="tabpanel"
  style={Object {}}
/>
`;

exports[`<TabPanel /> should pass through custom properties 1`] = `
<div
  aria-labelledby={undefined}
  className="react-tabs__tab-panel"
  data-tooltip="Tooltip contents"
  id={undefined}
  role="tabpanel"
  style={Object {}}
/>
`;

exports[`<TabPanel /> should render when forced 1`] = `
<div
  aria-labelledby={undefined}
  className="react-tabs__tab-panel"
  id={undefined}
  role="tabpanel"
  style={Object {}}
>
  Hola
</div>
`;

exports[`<TabPanel /> should render when selected 1`] = `
<div
  aria-labelledby={undefined}
  className="react-tabs__tab-panel react-tabs__tab-panel--selected"
  id={undefined}
  role="tabpanel"
  style={Object {}}
>
  Hola
</div>
`;

exports[`<TabPanel /> should support being selected 1`] = `
<div
  aria-labelledby="1234"
  className="react-tabs__tab-panel react-tabs__tab-panel--selected"
  id="abcd"
  role="tabpanel"
  style={Object {}}
>
  Hola
</div>
`;

exports[`<TabPanel /> should support being selected with custom class name 1`] = `
<div
  aria-labelledby="1234"
  className="react-tabs__tab-panel selected"
  id="abcd"
  role="tabpanel"
  style={Object {}}
>
  Hola
</div>
`;
